Àòğèáóòû:
__class__
__delattr__
__dict__
__dir__
__doc__
__eq__
__firstlineno__
__format__
__ge__
__getattribute__
__getstate__
__gt__
__hash__
__init__
__init_subclass__
__le__
__lt__
__module__
__ne__
__new__
__reduce__
__reduce_ex__
__repr__
__setattr__
__sizeof__
__static_attributes__
__str__
__subclasshook__
__weakref__
_observers
_repository
add_client
attach
delete_client
detach
get_by_id
get_count
get_k_n_short_list
notify
update_clientÀòğèáóòû:
__class__
__delattr__
__dict__
__dir__
__doc__
__eq__
__firstlineno__
__format__
__ge__
__getattribute__
__getstate__
__gt__
__hash__
__init__
__init_subclass__
__le__
__lt__
__module__
__ne__
__new__
__reduce__
__reduce_ex__
__repr__
__setattr__
__sizeof__
__static_attributes__
__str__
__subclasshook__
__weakref__
_observers
_repository
add_client
attach
delete_client
detach
get_by_id
get_count
get_k_n_short_list
notify
update_clientÀòğèáóòû:
__class__
__delattr__
__dict__
__dir__
__doc__
__eq__
__firstlineno__
__format__
__ge__
__getattribute__
__getstate__
__gt__
__hash__
__init__
__init_subclass__
__le__
__lt__
__module__
__ne__
__new__
__reduce__
__reduce_ex__
__repr__
__setattr__
__sizeof__
__static_attributes__
__str__
__subclasshook__
__weakref__
_observers
_repository
add_client
attach
delete_client
detach
get_by_id
get_count
get_k_n_short_list
notify
update_clientÀòğèáóòû:
__class__
__delattr__
__dict__
__dir__
__doc__
__eq__
__firstlineno__
__format__
__ge__
__getattribute__
__getstate__
__gt__
__hash__
__init__
__init_subclass__
__le__
__lt__
__module__
__ne__
__new__
__reduce__
__reduce_ex__
__repr__
__setattr__
__sizeof__
__static_attributes__
__str__
__subclasshook__
__weakref__
_observers
_repository
add_client
attach
delete_client
detach
get_by_id
get_count
get_k_n_short_list
notify
update_clientÀòğèáóòû:
__class__
__delattr__
__dict__
__dir__
__doc__
__eq__
__firstlineno__
__format__
__ge__
__getattribute__
__getstate__
__gt__
__hash__
__init__
__init_subclass__
__le__
__lt__
__module__
__ne__
__new__
__reduce__
__reduce_ex__
__repr__
__setattr__
__sizeof__
__static_attributes__
__str__
__subclasshook__
__weakref__
_observers
_repository
add_client
attach
delete_client
detach
get_by_id
get_count
get_k_n_short_list
notify
update_clientÀòğèáóòû:
__class__
__delattr__
__dict__
__dir__
__doc__
__eq__
__firstlineno__
__format__
__ge__
__getattribute__
__getstate__
__gt__
__hash__
__init__
__init_subclass__
__le__
__lt__
__module__
__ne__
__new__
__reduce__
__reduce_ex__
__repr__
__setattr__
__sizeof__
__static_attributes__
__str__
__subclasshook__
__weakref__
_observers
_repository
add_client
attach
delete_client
detach
get_by_id
get_count
get_k_n_short_list
notify
update_clientÀòğèáóòû:
__class__
__delattr__
__dict__
__dir__
__doc__
__eq__
__firstlineno__
__format__
__ge__
__getattribute__
__getstate__
__gt__
__hash__
__init__
__init_subclass__
__le__
__lt__
__module__
__ne__
__new__
__reduce__
__reduce_ex__
__repr__
__setattr__
__sizeof__
__static_attributes__
__str__
__subclasshook__
__weakref__
_observers
_repository
add_client
attach
delete_client
detach
get_by_id
get_count
get_k_n_short_list
notify
update_clientÀòğèáóòû:
__class__
__delattr__
__dict__
__dir__
__doc__
__eq__
__firstlineno__
__format__
__ge__
__getattribute__
__getstate__
__gt__
__hash__
__init__
__init_subclass__
__le__
__lt__
__module__
__ne__
__new__
__reduce__
__reduce_ex__
__repr__
__setattr__
__sizeof__
__static_attributes__
__str__
__subclasshook__
__weakref__
_observers
_repository
add_client
attach
delete_client
detach
get_by_id
get_count
get_k_n_short_list
notify
update_client